INFO [2025-09-17 10:34:46] $x
INFO [2025-09-17 10:34:46] list(`Small Network` = small_network, `Big Network` = big_network)
INFO [2025-09-17 10:34:46] 
INFO [2025-09-17 10:34:46] $filename
INFO [2025-09-17 10:34:46] NULL
INFO [2025-09-17 10:34:46] 
INFO [2025-09-17 10:34:46] $fill
INFO [2025-09-17 10:34:46] c("skyblue", "pink")
INFO [2025-09-17 10:34:46] 
INFO [2025-09-17 10:34:46] $alpha
INFO [2025-09-17 10:34:46] [1] 0.5
INFO [2025-09-17 10:34:46] 
INFO [2025-09-17 10:34:46] $cex
INFO [2025-09-17 10:34:46] [1] 2
INFO [2025-09-17 10:34:46] 
INFO [2025-09-17 10:34:46] $cat.cex
INFO [2025-09-17 10:34:46] [1] 2
INFO [2025-09-17 10:34:46] 
INFO [2025-09-17 10:34:46] $main
INFO [2025-09-17 10:34:46] [1] "Venn Diagram: Small vs Big Network"
INFO [2025-09-17 10:34:46] 
