INFO [2025-09-16 09:12:56] $x
INFO [2025-09-16 09:12:56] gene_sets
INFO [2025-09-16 09:12:56] 
INFO [2025-09-16 09:12:56] $category.names
INFO [2025-09-16 09:12:56] desc
INFO [2025-09-16 09:12:56] 
INFO [2025-09-16 09:12:56] $filename
INFO [2025-09-16 09:12:56] NULL
INFO [2025-09-16 09:12:56] 
INFO [2025-09-16 09:12:56] $fill
INFO [2025-09-16 09:12:56] c("#E41A1C", "#377EB8", "#4DAF4A")
INFO [2025-09-16 09:12:56] 
INFO [2025-09-16 09:12:56] $alpha
INFO [2025-09-16 09:12:56] [1] 0.5
INFO [2025-09-16 09:12:56] 
INFO [2025-09-16 09:12:56] $cex
INFO [2025-09-16 09:12:56] [1] 1.5
INFO [2025-09-16 09:12:56] 
INFO [2025-09-16 09:12:56] $cat.cex
INFO [2025-09-16 09:12:56] [1] 1.2
INFO [2025-09-16 09:12:56] 
INFO [2025-09-16 09:12:56] $cat.pos
INFO [2025-09-16 09:12:56] [1] 0
INFO [2025-09-16 09:12:56] 
