INFO [2025-09-15 13:33:26] $x
INFO [2025-09-15 13:33:26] list(`Signature Genes` = signature_genes, `Genes in Signature Module(s)` = sig_module_genes)
INFO [2025-09-15 13:33:26] 
INFO [2025-09-15 13:33:26] $filename
INFO [2025-09-15 13:33:26] NULL
INFO [2025-09-15 13:33:26] 
INFO [2025-09-15 13:33:26] $fill
INFO [2025-09-15 13:33:26] c("red", "skyblue")
INFO [2025-09-15 13:33:26] 
INFO [2025-09-15 13:33:26] $alpha
INFO [2025-09-15 13:33:26] [1] 0.5
INFO [2025-09-15 13:33:26] 
INFO [2025-09-15 13:33:26] $cex
INFO [2025-09-15 13:33:26] [1] 2
INFO [2025-09-15 13:33:26] 
INFO [2025-09-15 13:33:26] $cat.cex
INFO [2025-09-15 13:33:26] [1] 2
INFO [2025-09-15 13:33:26] 
INFO [2025-09-15 13:33:26] $main
INFO [2025-09-15 13:33:26] [1] "Overlap: Signature Genes & Genes in Signature Module(s)"
INFO [2025-09-15 13:33:26] 
