INFO [2025-09-15 13:33:04] $x
INFO [2025-09-15 13:33:04] list(`Signature Genes` = signature_genes, `Genes in Signature Module(s)` = sig_module_genes)
INFO [2025-09-15 13:33:04] 
INFO [2025-09-15 13:33:04] $filename
INFO [2025-09-15 13:33:04] NULL
INFO [2025-09-15 13:33:04] 
INFO [2025-09-15 13:33:04] $fill
INFO [2025-09-15 13:33:04] c("red", "skyblue")
INFO [2025-09-15 13:33:04] 
INFO [2025-09-15 13:33:04] $alpha
INFO [2025-09-15 13:33:04] [1] 0.5
INFO [2025-09-15 13:33:04] 
INFO [2025-09-15 13:33:04] $cex
INFO [2025-09-15 13:33:04] [1] 2
INFO [2025-09-15 13:33:04] 
INFO [2025-09-15 13:33:04] $cat.cex
INFO [2025-09-15 13:33:04] [1] 2
INFO [2025-09-15 13:33:04] 
INFO [2025-09-15 13:33:04] $main
INFO [2025-09-15 13:33:04] [1] "Overlap: Signature Genes & Genes in Signature Module(s)"
INFO [2025-09-15 13:33:04] 
